// Jest Snapshot v1, https://goo.gl/fbAQLP

exports[`UsersTable component matches snapshot for default state 1`] = `
<div>
  <div
    style="height: 100%; --ag-line-height: 75px;"
  >
    <div
      class="ag-measurement-container"
    >
      <div />
      <div />
      <div />
    </div>
    <div
      aria-atomic="true"
      aria-live="polite"
      aria-relevant="additions text"
      class="ag-aria-description-container"
    />
    <!-- AG Grid -->
    <div
      class="ag-root-wrapper ag-ltr ag-layout-normal"
      grid-id="1"
      role="presentation"
    >
      <div
        class="ag-root-wrapper-body ag-focus-managed ag-layout-normal"
        role="presentation"
      >
        <div
          class="ag-tab-guard ag-tab-guard-top"
          role="presentation"
          tabindex="0"
        />
        <!-- AG Grid Body -->
        <div
          aria-colcount="1"
          aria-rowcount="4"
          class="ag-root ag-unselectable ag-layout-normal ag-body-vertical-content-no-gap ag-body-horizontal-content-no-gap"
          role="treegrid"
        >
          <div
            class="ag-header ag-pivot-off ag-header-allow-overflow"
            role="presentation"
            style="height: 49px; min-height: 49px;"
          >
            <div
              aria-hidden="true"
              class="ag-pinned-left-header ag-hidden"
              role="rowgroup"
              style="width: 0px; min-width: 0px; max-width: 0px;"
            />
            <div
              class="ag-header-viewport "
              role="presentation"
            >
              <div
                class="ag-header-container"
                role="rowgroup"
                style="width: 200px;"
              >
                <div
                  aria-rowindex="1"
                  class="ag-header-row ag-header-row-column"
                  role="row"
                  style="height: 48px; top: 0px; width: 200px;"
                >
                  <div
                    aria-colindex="1"
                    aria-sort="none"
                    class="ag-header-cell ag-column-first ag-column-last ag-header-cell-sortable custom-header ag-focus-managed"
                    col-id="fullName"
                    role="columnheader"
                    style="top: 0px; height: 48px; width: 200px; left: 0px;"
                    tabindex="-1"
                  >
                    <div
                      aria-hidden="true"
                      class="ag-header-cell-resize ag-hidden"
                      role="presentation"
                    />
                    <div
                      aria-hidden="true"
                      class="ag-labeled ag-label-align-right ag-checkbox ag-input-field ag-header-select-all ag-hidden"
                      role="presentation"
                    >
                      
                
                      <div
                        aria-hidden="true"
                        class="ag-input-field-label ag-label ag-hidden ag-checkbox-label"
                        data-ref="eLabel"
                        id="ag-4-label"
                        role="presentation"
                      />
                      
                
                      <div
                        class="ag-wrapper ag-input-wrapper ag-checkbox-input-wrapper"
                        data-ref="eWrapper"
                        role="presentation"
                      >
                        
                    
                        <input
                          aria-label="Press Space to toggle all rows selection (unchecked)"
                          class="ag-input-field-input ag-checkbox-input"
                          data-ref="eInput"
                          id="ag-4-input"
                          tabindex="-1"
                          type="checkbox"
                        />
                        
                
                      </div>
                      
            
                    </div>
                    <div
                      class="ag-header-cell-comp-wrapper"
                      role="presentation"
                    >
                      <div
                        class="ag-cell-label-container"
                        role="presentation"
                      >
                        
        
                        
        
                        
        
                        <div
                          class="ag-header-cell-label"
                          data-ref="eLabel"
                          role="presentation"
                        >
                          
            
                          <span
                            class="ag-header-cell-text"
                            data-ref="eText"
                          >
                            Persons
                          </span>
                          
            
                          <span
                            aria-hidden="true"
                            class="ag-header-icon ag-header-label-icon ag-filter-icon ag-hidden"
                            data-ref="eFilter"
                          >
                            <span
                              class="ag-icon ag-icon-filter"
                              role="presentation"
                              unselectable="on"
                            />
                          </span>
                          
            
                          <!--AG-SORT-INDICATOR-->
                          <span
                            class="ag-sort-indicator-container"
                            data-ref="eSortIndicator"
                          >
                            
        
                            <span
                              aria-hidden="true"
                              class="ag-sort-indicator-icon ag-sort-order ag-hidden"
                              data-ref="eSortOrder"
                            />
                            
        
                            <span
                              aria-hidden="true"
                              class="ag-sort-indicator-icon ag-sort-ascending-icon ag-hidden"
                              data-ref="eSortAsc"
                            >
                              <span
                                class="ag-icon ag-icon-asc"
                                role="presentation"
                                unselectable="on"
                              />
                            </span>
                            
        
                            <span
                              aria-hidden="true"
                              class="ag-sort-indicator-icon ag-sort-descending-icon ag-hidden"
                              data-ref="eSortDesc"
                            >
                              <span
                                class="ag-icon ag-icon-desc"
                                role="presentation"
                                unselectable="on"
                              />
                            </span>
                            
        
                            <span
                              aria-hidden="true"
                              class="ag-sort-indicator-icon ag-sort-mixed-icon ag-hidden"
                              data-ref="eSortMixed"
                            >
                              <span
                                class="ag-icon ag-icon-none"
                                role="presentation"
                                unselectable="on"
                              />
                            </span>
                            
        
                            <span
                              aria-hidden="true"
                              class="ag-sort-indicator-icon ag-sort-none-icon ag-hidden"
                              data-ref="eSortNone"
                            >
                              <span
                                class="ag-icon ag-icon-none"
                                role="presentation"
                                unselectable="on"
                              />
                            </span>
                            
    
                          </span>
                          
        
                        </div>
                        
    
                      </div>
                    </div>
                  </div>
                </div>
              </div>
            </div>
            <div
              aria-hidden="true"
              class="ag-pinned-right-header ag-hidden"
              role="rowgroup"
              style="width: 0px; min-width: 0px; max-width: 0px;"
            />
          </div>
          <!-- AG Pinned Top -->
          <div
            class="ag-floating-top"
            role="presentation"
            style="height: 0px; min-height: 0; display: none; overflow-y: hidden;"
          >
            <!-- AG Row Container topLeft -->
            <div
              aria-hidden="true"
              class="ag-pinned-left-floating-top ag-hidden"
              role="rowgroup"
              style="width: 0px; max-width: 0px; min-width: 0px;"
            />
            <!-- AG Row Container topCenter -->
            <div
              class="ag-floating-top-viewport"
              role="presentation"
            >
              <div
                class="ag-floating-top-container"
                role="rowgroup"
                style="width: 200px;"
              />
            </div>
            <!-- AG Row Container topRight -->
            <div
              aria-hidden="true"
              class="ag-pinned-right-floating-top ag-hidden"
              role="rowgroup"
              style="width: 0px; max-width: 0px; min-width: 0px;"
            />
            <!-- AG Row Container topFullWidth -->
            <div
              class="ag-floating-top-full-width-container"
              role="rowgroup"
            />
          </div>
          <div
            class="ag-body ag-layout-normal"
            role="presentation"
          >
            <!-- AG Middle -->
            <div
              class="ag-body-viewport ag-row-no-animation ag-layout-normal"
              role="presentation"
            >
              <!-- AG Row Container left -->
              <div
                aria-hidden="true"
                class="ag-pinned-left-cols-container ag-hidden"
                role="rowgroup"
                style="height: 225px; width: 0px; max-width: 0px; min-width: 0px;"
              />
              <!-- AG Row Container center -->
              <div
                class="ag-center-cols-viewport"
                role="presentation"
                style="height: 225px;"
              >
                <div
                  class="ag-center-cols-container"
                  role="rowgroup"
                  style="width: 200px; height: 225px;"
                >
                  <div
                    aria-rowindex="2"
                    class="ag-row-even ag-row-no-focus ag-row ag-row-level-0 ag-row-position-absolute ag-row-first ag-row-not-inline-editing"
                    role="row"
                    row-id="d290f1ee-6c54-4b01-90e6-d701748f0851"
                    row-index="0"
                    style="transform: translateY(0px); height: 75px;"
                    tabindex="-1"
                  >
                    <div
                      aria-colindex="1"
                      class="ag-cell ag-cell-not-inline-editing ag-cell-normal-height ag-column-first ag-column-last ag-cell-value"
                      col-id="fullName"
                      role="gridcell"
                      style="left: 0px; width: 200px;"
                      tabindex="-1"
                    >
                      <div
                        aria-label="Joe Bloggs"
                        class="flex items-center py-2"
                        role="listitem"
                      >
                        <img
                          alt="avatar"
                          class="w-14 h-14 rounded-full mr-4"
                          src="https://i.pravatar.cc/150?img=1"
                        />
                        <div
                          class="flex flex-col"
                        >
                          <div
                            class="text-base font-medium text-[#313131]"
                          >
                            Joe Bloggs
                          </div>
                          <div
                            class="text-base font-normal text-[#475466]"
                          >
                            $11500
                          </div>
                        </div>
                      </div>
                    </div>
                  </div>
                  <div
                    aria-rowindex="3"
                    class="ag-row-odd ag-row-no-focus ag-row ag-row-level-0 ag-row-position-absolute ag-row-not-inline-editing"
                    role="row"
                    row-id="f47ac10b-58cc-4372-a567-0e02b2c3d479"
                    row-index="1"
                    style="transform: translateY(75px); height: 75px;"
                    tabindex="-1"
                  >
                    <div
                      aria-colindex="1"
                      class="ag-cell ag-cell-not-inline-editing ag-cell-normal-height ag-column-first ag-column-last ag-cell-value"
                      col-id="fullName"
                      role="gridcell"
                      style="left: 0px; width: 200px;"
                      tabindex="-1"
                    >
                      <div
                        aria-label="Jane Smith"
                        class="flex items-center py-2"
                        role="listitem"
                      >
                        <img
                          alt="avatar"
                          class="w-14 h-14 rounded-full mr-4"
                          src="https://i.pravatar.cc/150?img=2"
                        />
                        <div
                          class="flex flex-col"
                        >
                          <div
                            class="text-base font-medium text-[#313131]"
                          >
                            Jane Smith
                          </div>
                          <div
                            class="text-base font-normal text-[#475466]"
                          >
                            $36911
                          </div>
                        </div>
                      </div>
                    </div>
                  </div>
                  <div
                    aria-rowindex="4"
                    class="ag-row-even ag-row-no-focus ag-row ag-row-level-0 ag-row-position-absolute ag-row-last ag-row-not-inline-editing"
                    role="row"
                    row-id="123e4567-e89b-12d3-a456-426614174000"
                    row-index="2"
                    style="transform: translateY(150px); height: 75px;"
                    tabindex="-1"
                  >
                    <div
                      aria-colindex="1"
                      class="ag-cell ag-cell-not-inline-editing ag-cell-normal-height ag-column-first ag-column-last ag-cell-value"
                      col-id="fullName"
                      role="gridcell"
                      style="left: 0px; width: 200px;"
                      tabindex="-1"
                    >
                      <div
                        aria-label="Alice Brown"
                        class="flex items-center py-2"
                        role="listitem"
                      >
                        <img
                          alt="avatar"
                          class="w-14 h-14 rounded-full mr-4"
                          src="https://i.pravatar.cc/150?img=3"
                        />
                        <div
                          class="flex flex-col"
                        >
                          <div
                            class="text-base font-medium text-[#313131]"
                          >
                            Alice Brown
                          </div>
                          <div
                            class="text-base font-normal text-[#475466]"
                          >
                            $7200
                          </div>
                        </div>
                      </div>
                    </div>
                  </div>
                </div>
              </div>
              <!-- AG Row Container right -->
              <div
                aria-hidden="true"
                class="ag-pinned-right-cols-container ag-hidden"
                role="rowgroup"
                style="height: 225px; width: 0px; max-width: 0px; min-width: 0px;"
              />
              <!-- AG Row Container fullWidth -->
              <div
                class="ag-full-width-container"
                role="rowgroup"
                style="height: 225px;"
              />
            </div>
            <!-- AG Fake Vertical Scroll -->
            <div
              aria-hidden="true"
              class="ag-body-vertical-scroll"
            >
              
            
              <div
                class="ag-body-vertical-scroll-viewport"
                data-ref="eViewport"
              >
                
                
                <div
                  class="ag-body-vertical-scroll-container"
                  data-ref="eContainer"
                  style="height: 225px;"
                />
                
            
              </div>
              
        
            </div>
          </div>
          <!-- AG Sticky Top -->
          <div
            class="ag-sticky-top"
            role="presentation"
            style="height: 0px; top: 49px; width: 100%;"
          >
            <!-- AG Row Container stickyTopLeft -->
            <div
              aria-hidden="true"
              class="ag-pinned-left-sticky-top ag-hidden"
              role="rowgroup"
              style="width: 0px; max-width: 0px; min-width: 0px;"
            />
            <!-- AG Row Container stickyTopCenter -->
            <div
              class="ag-sticky-top-viewport"
              role="presentation"
            >
              <div
                class="ag-sticky-top-container"
                role="rowgroup"
                style="width: 200px;"
              />
            </div>
            <!-- AG Row Container stickyTopRight -->
            <div
              aria-hidden="true"
              class="ag-pinned-right-sticky-top ag-hidden"
              role="rowgroup"
              style="width: 0px; max-width: 0px; min-width: 0px;"
            />
            <!-- AG Row Container stickyTopFullWidth -->
            <div
              class="ag-sticky-top-full-width-container"
              role="rowgroup"
            />
          </div>
          <div
            class="ag-sticky-bottom ag-hidden"
            role="presentation"
            style="height: 0px; bottom: 0px; width: 100%;"
          >
            <!-- AG Row Container stickyBottomLeft -->
            <div
              aria-hidden="true"
              class="ag-pinned-left-sticky-bottom ag-hidden"
              role="rowgroup"
              style="width: 0px; max-width: 0px; min-width: 0px;"
            />
            <!-- AG Row Container stickyBottomCenter -->
            <div
              class="ag-sticky-bottom-viewport"
              role="presentation"
            >
              <div
                class="ag-sticky-bottom-container"
                role="rowgroup"
                style="width: 200px;"
              />
            </div>
            <!-- AG Row Container stickyBottomRight -->
            <div
              aria-hidden="true"
              class="ag-pinned-right-sticky-bottom ag-hidden"
              role="rowgroup"
              style="width: 0px; max-width: 0px; min-width: 0px;"
            />
            <!-- AG Row Container stickyBottomFullWidth -->
            <div
              class="ag-sticky-bottom-full-width-container"
              role="rowgroup"
            />
          </div>
          <!-- AG Pinned Bottom -->
          <div
            class="ag-floating-bottom"
            role="presentation"
            style="height: 0px; min-height: 0; display: none; overflow-y: hidden;"
          >
            <!-- AG Row Container bottomLeft -->
            <div
              aria-hidden="true"
              class="ag-pinned-left-floating-bottom ag-hidden"
              role="rowgroup"
              style="width: 0px; max-width: 0px; min-width: 0px;"
            />
            <!-- AG Row Container bottomCenter -->
            <div
              class="ag-floating-bottom-viewport"
              role="presentation"
            >
              <div
                class="ag-floating-bottom-container"
                role="rowgroup"
                style="width: 200px;"
              />
            </div>
            <!-- AG Row Container bottomRight -->
            <div
              aria-hidden="true"
              class="ag-pinned-right-floating-bottom ag-hidden"
              role="rowgroup"
              style="width: 0px; max-width: 0px; min-width: 0px;"
            />
            <!-- AG Row Container bottomFullWidth -->
            <div
              class="ag-floating-bottom-full-width-container"
              role="rowgroup"
            />
          </div>
          <!-- AG Fake Horizontal Scroll -->
          <div
            aria-hidden="true"
            class="ag-body-horizontal-scroll"
          >
            
            
            <div
              class="ag-horizontal-left-spacer"
              data-ref="eLeftSpacer"
              style="width: 0px; max-width: 0px; min-width: 0px;"
            />
            
            
            <div
              class="ag-body-horizontal-scroll-viewport"
              data-ref="eViewport"
            >
              
                
              <div
                class="ag-body-horizontal-scroll-container"
                data-ref="eContainer"
                style="width: 200px;"
              />
              
            
            </div>
            
            
            <div
              class="ag-horizontal-right-spacer"
              data-ref="eRightSpacer"
              style="width: 0px; max-width: 0px; min-width: 0px;"
            />
            
        
          </div>
          <!-- AG Overlay Wrapper -->
          <div
            class="ag-overlay ag-hidden"
            role="presentation"
          >
            
                
            <div
              class="ag-overlay-panel"
              role="presentation"
            >
              
                    
              <div
                class="ag-overlay-wrapper ag-layout-normal ag-overlay-no-rows-wrapper"
                data-ref="eOverlayWrapper"
                role="presentation"
                style="padding-top: 48px;"
              />
              
                
            </div>
            
            
          </div>
        </div>
        <div
          class="ag-tab-guard ag-tab-guard-bottom"
          role="presentation"
          tabindex="0"
        />
      </div>
      <div
        aria-hidden="true"
        class="ag-paging-panel ag-unselectable ag-focus-managed ag-hidden"
        id="ag-5"
      >
        <div
          class="ag-tab-guard ag-tab-guard-top"
          role="presentation"
          tabindex="0"
        />
        
                
        <!--AG-PAGE-SIZE-SELECTOR-->
        <span
          class="ag-paging-page-size"
          data-ref="pageSizeComp"
        />
        
                
        <span
          class="ag-paging-row-summary-panel"
        >
          
                    
          <span
            class="ag-paging-row-summary-panel-number"
            data-ref="lbFirstRowOnPage"
            id="ag-5-first-row"
          />
          
                    
          <span
            id="ag-5-to"
          >
            to
          </span>
          
                    
          <span
            class="ag-paging-row-summary-panel-number"
            data-ref="lbLastRowOnPage"
            id="ag-5-last-row"
          />
          
                    
          <span
            id="ag-5-of"
          >
            of
          </span>
          
                    
          <span
            class="ag-paging-row-summary-panel-number"
            data-ref="lbRecordCount"
            id="ag-5-row-count"
          />
          
                
        </span>
        
                
        <span
          class="ag-paging-page-summary-panel"
          role="presentation"
        >
          
                    
          <div
            aria-label="First Page"
            class="ag-button ag-paging-button"
            data-ref="btFirst"
            role="button"
            tabindex="0"
          >
            <span
              class="ag-icon ag-icon-first"
              role="presentation"
              unselectable="on"
            />
          </div>
          
                    
          <div
            aria-label="Previous Page"
            class="ag-button ag-paging-button"
            data-ref="btPrevious"
            role="button"
            tabindex="0"
          >
            <span
              class="ag-icon ag-icon-previous"
              role="presentation"
              unselectable="on"
            />
          </div>
          
                    
          <span
            class="ag-paging-description"
          >
            
                        
            <span
              id="ag-5-start-page"
            >
              Page
            </span>
            
                        
            <span
              class="ag-paging-number"
              data-ref="lbCurrent"
              id="ag-5-start-page-number"
            />
            
                        
            <span
              id="ag-5-of-page"
            >
              of
            </span>
            
                        
            <span
              class="ag-paging-number"
              data-ref="lbTotal"
              id="ag-5-of-page-number"
            />
            
                    
          </span>
          
                    
          <div
            aria-label="Next Page"
            class="ag-button ag-paging-button"
            data-ref="btNext"
            role="button"
            tabindex="0"
          >
            <span
              class="ag-icon ag-icon-next"
              role="presentation"
              unselectable="on"
            />
          </div>
          
                    
          <div
            aria-label="Last Page"
            class="ag-button ag-paging-button"
            data-ref="btLast"
            role="button"
            tabindex="0"
          >
            <span
              class="ag-icon ag-icon-last"
              role="presentation"
              unselectable="on"
            />
          </div>
          
                
        </span>
        
            
        <div
          class="ag-tab-guard ag-tab-guard-bottom"
          role="presentation"
          tabindex="0"
        />
      </div>
    </div>
  </div>
</div>
`;
