// Jest Snapshot v1, https://goo.gl/fbAQLP

exports[`TaskForm matches snapshot for default state 1`] = `
<div>
  <form
    class="space-y-4"
  >
    <div>
      <label
        class="text-gray-700 font-semibold mb-1"
      >
        Task Name
      </label>
      <input
        class="w-full p-2 rounded-md border border-gray-300 bg-white text-black"
        name="taskName"
        placeholder="Enter task name"
        type="text"
      />
    </div>
    <div>
      <label
        class="text-gray-700 font-semibold mb-1"
      >
        Currency
      </label>
      <input
        class="w-full p-2 rounded-md border border-gray-300 bg-white text-black"
        inputmode="numeric"
        maxlength="4"
        name="currency"
        placeholder="Enter currency"
        type="text"
      />
    </div>
    <div
      class="flex space-x-4"
    >
      <div
        class="flex-1"
      >
        <label
          class="text-gray-700 font-semibold mb-1"
        >
          Project
        </label>
        <div
          class="relative w-full"
        >
          <div
            class="flex items-center border border-gray-300 rounded-md p-2 cursor-text bg-white"
          >
            <input
              class="flex-1 outline-none bg-transparent text-gray-700 cursor-text"
              placeholder="Select a project"
              readonly=""
              type="text"
              value=""
            />
            <span
              class="ml-2 w-0 h-0 border-l-4 border-r-4 border-t-4 border-t-gray-500 border-l-transparent border-r-transparent cursor-pointer"
            />
          </div>
        </div>
      </div>
      <div
        class="flex-1"
      >
        <label
          class="text-gray-700 font-semibold mb-1"
        >
          Assignee
        </label>
        <div
          class="relative w-full"
        >
          <div
            class="flex items-center border border-gray-300 rounded-md p-2 cursor-text bg-white"
          >
            <input
              class="flex-1 outline-none bg-transparent text-gray-700 cursor-text"
              placeholder="Select an assignee"
              readonly=""
              type="text"
              value=""
            />
            <span
              class="ml-2 w-0 h-0 border-l-4 border-r-4 border-t-4 border-t-gray-500 border-l-transparent border-r-transparent cursor-pointer"
            />
          </div>
        </div>
      </div>
    </div>
    <div
      class="flex justify-between border-t pt-3"
    >
      <button
        class="bg-slate-200 text-pink-600 font-bold"
        type="button"
      >
        Cancel
      </button>
      <button
        class="bg-slate-200 text-blue-600 font-bold"
        type="submit"
      >
        Save
      </button>
    </div>
  </form>
</div>
`;
