// Jest Snapshot v1, https://goo.gl/fbAQLP

exports[`PersonRenderer component matches snapshot for default state 1`] = `
<div>
  <div
    class="flex items-center py-2"
  >
    <img
      alt="avatar"
      class="w-14 h-14 rounded-full mr-4"
      src="https://i.pravatar.cc/150?img=1"
    />
    <div
      class="flex flex-col"
    >
      <div
        class="text-base font-medium text-[#313131]"
      >
        Joe Bloggs
      </div>
      <div
        class="text-base font-normal text-[#475466]"
      >
        $5000
      </div>
    </div>
  </div>
</div>
`;
