// Jest Snapshot v1, https://goo.gl/fbAQLP

exports[`Button component matches snapshot for default state 1`] = `
<div>
  <button
    class="px-4 py-2 border-none mr-7 bg-[#F4F5F9] text-[#1CA1C1] hover:bg-slate-300"
    type="button"
  >
    Click me
  </button>
</div>
`;
