// Jest Snapshot v1, https://goo.gl/fbAQLP

exports[`ProjectForm matches snapshot for default state 1`] = `
<div>
  <form
    class="space-y-4"
  >
    <div>
      <div
        class="flex items-center"
      >
        <label
          class="w-32 text-gray-700 font-semibold"
          for="projectName"
        >
          Project Name
        </label>
        <input
          class="flex-1 p-2 border border-gray-300 rounded-md bg-white text-black"
          id="projectName"
          name="projectName"
          placeholder="Enter project name"
          type="text"
        />
      </div>
    </div>
    <div
      class="flex justify-between border-t pt-3"
    >
      <button
        class="bg-slate-200 text-pink-600 font-bold"
        type="button"
      >
        Cancel
      </button>
      <button
        class="bg-slate-200 text-blue-600 font-bold"
        type="submit"
      >
        Save
      </button>
    </div>
  </form>
</div>
`;
