// Jest Snapshot v1, https://goo.gl/fbAQLP

exports[`ChartTotalTasksByProjects Component does not crash if there are no tasks or projects 1`] = `
<div>
  <div
    class="flex-1 bg-white border border-customBorder"
  >
    <div
      data-testid="total-tasks-chart"
    />
  </div>
</div>
`;

exports[`ChartTotalTasksByProjects Component renders the chart component 1`] = `
<div>
  <div
    class="flex-1 bg-white border border-customBorder"
  >
    <div
      data-testid="total-tasks-chart"
    />
  </div>
</div>
`;
