// Jest Snapshot v1, https://goo.gl/fbAQLP

exports[`Dropdown Component matches snapshot for default state 1`] = `
<div>
  <div
    class="relative w-full"
  >
    <div
      class="flex items-center border border-gray-300 rounded-md p-2 cursor-text bg-white"
    >
      <input
        class="flex-1 outline-none bg-transparent text-gray-700 cursor-text"
        placeholder="Select an option"
        readonly=""
        type="text"
        value=""
      />
      <span
        class="ml-2 w-0 h-0 border-l-4 border-r-4 border-t-4 border-t-gray-500 border-l-transparent border-r-transparent cursor-pointer"
      />
    </div>
  </div>
</div>
`;
