// Jest Snapshot v1, https://goo.gl/fbAQLP

exports[`ModalDialog Component matches snapshot for default state 1`] = `<div />`;
